============================= test session starts ==============================
platform darwin -- Python 3.12.4, pytest-8.4.1, pluggy-1.6.0
rootdir: /Users/kartikeya/Documents/PersonaLab/backend
configfile: pytest.ini
plugins: asyncio-1.1.0, hypothesis-6.148.7, langsmith-0.4.14, anyio-4.2.0
asyncio: mode=Mode.STRICT, asyncio_default_fixture_loop_scope=None, asyncio_default_test_loop_scope=function
collected 0 items / 1 error

==================================== ERRORS ====================================
________ ERROR collecting tests/test_property_experiment_management.py _________
ImportError while importing test module '/Users/kartikeya/Documents/PersonaLab/backend/tests/test_property_experiment_management.py'.
Hint: make sure your test modules/packages have valid Python names.
Traceback:
/opt/anaconda3/lib/python3.12/importlib/__init__.py:90: in import_module
    return _bootstrap._gcd_import(name[level:], package, level)
           ^^^^^^^^^^^^^^^^^^^^^^^^^^^^^^^^^^^^^^^^^^^^^^^^^^^^
backend/tests/test_property_experiment_management.py:5: in <module>
    from app.models import CompanyInput, FeatureDescription, BusinessModel, TargetAudience
E   ImportError: cannot import name 'TargetAudience' from 'app.models' (/Users/kartikeya/Documents/PersonaLab/backend/app/models.py)
=============================== warnings summary ===============================
backend/app/database.py:16
  /Users/kartikeya/Documents/PersonaLab/backend/app/database.py:16: MovedIn20Warning: The ``declarative_base()`` function is now available as sqlalchemy.orm.declarative_base(). (deprecated since: 2.0) (Background on SQLAlchemy 2.0 at: https://sqlalche.me/e/b8d9)
    Base = declarative_base()

<frozen importlib._bootstrap>:488
  <frozen importlib._bootstrap>:488: DeprecationWarning: Type google.protobuf.pyext._message.ScalarMapContainer uses PyType_Spec with a metaclass that has custom tp_new. This is deprecated and will no longer be allowed in Python 3.14.

<frozen importlib._bootstrap>:488
  <frozen importlib._bootstrap>:488: DeprecationWarning: Type google.protobuf.pyext._message.MessageMapContainer uses PyType_Spec with a metaclass that has custom tp_new. This is deprecated and will no longer be allowed in Python 3.14.

-- Docs: https://docs.pytest.org/en/stable/how-to/capture-warnings.html
=========================== short test summary info ============================
ERROR backend/tests/test_property_experiment_management.py
!!!!!!!!!!!!!!!!!!!! Interrupted: 1 error during collection !!!!!!!!!!!!!!!!!!!!
========================= 3 warnings, 1 error in 0.15s =========================
